app/api/applications/submit/route.ts(2,20): error TS2307: Cannot find module '@/lib/prisma' or its corresponding type declarations.
